
> taxomind@1.0.0 prebuild
> node scripts/validate-env.js

🔧 Loading environment for: development
✅ Found: .env.local
✅ Found: .env.development
✅ Found: .env
📊 Environment Summary:
   NODE_ENV: development
   Database: Local (Local Docker)
   App URL: http://localhost:3000
   Redis: Disabled
   Files loaded: .env.local, .env.development, .env
❌ Could not load TypeScript validation module
Make sure to run "npm run build" or install ts-node
🔍 Basic Environment Validation: DEVELOPMENT

📋 Basic Configuration:
   - NODE_ENV: development
   - Database: Configured
   - Auth: Configured
   - Redis: Not configured
   - Google OAuth: Configured
   - GitHub OAuth: Configured
   - AI (OpenAI): Not configured
   - AI (Anthropic): Configured
   - Media (Cloudinary): Configured

✅ Environment validation passed!


> taxomind@1.0.0 build
> NODE_OPTIONS='--max-old-space-size=8192' node scripts/load-env.js && NODE_OPTIONS='--max-old-space-size=8192' next build

🔧 Loading environment for: development
✅ Found: .env.local
✅ Found: .env.development
✅ Found: .env
📊 Environment Summary:
   NODE_ENV: development
   Database: Local (Local Docker)
   App URL: http://localhost:3000
   Redis: Disabled
   Files loaded: .env.local, .env.development, .env
   ▲ Next.js 16.0.1 (Turbopack)
   - Environments: .env.local, .env.production, .env
   - Experiments (use with caution):
     · optimizePackageImports
     · serverActions
     ✓ webpackBuildWorker

   Creating an optimized production build ...
 ✓ Compiled successfully in 16.8s
   Running TypeScript ...
Failed to compile.

./actions/admin-role-management.ts:124:18
Type error: Property 'role' does not exist on type 'User & { id: string; isTwoFactorEnabled: boolean; isOAuth: boolean; }'.

[0m [90m 122 |[39m     [36mconst[39m reviewer [33m=[39m session[33m.[39muser[33m;[39m
 [90m 123 |[39m
[31m[1m>[22m[39m[90m 124 |[39m     [36mif[39m (reviewer[33m.[39mrole [33m!==[39m [32m"ADMIN"[39m [33m&&[39m reviewer[33m.[39mrole [33m!==[39m [32m"SUPERADMIN"[39m) {
 [90m     |[39m                  [31m[1m^[22m[39m
 [90m 125 |[39m       [36mreturn[39m { error[33m:[39m [32m"Unauthorized: Admin access required"[39m }[33m;[39m
 [90m 126 |[39m     }
 [90m 127 |[39m[0m
Next.js build worker exited with code: 1 and signal: null
