
> taxomind@1.0.0 prebuild
> node scripts/validate-env.js

🔧 Loading environment for: development
✅ Found: .env.local
✅ Found: .env.development
✅ Found: .env
📊 Environment Summary:
   NODE_ENV: development
   Database: Local (Local Docker)
   App URL: http://localhost:3000
   Redis: Disabled
   Files loaded: .env.local, .env.development, .env
❌ Could not load TypeScript validation module
Make sure to run "npm run build" or install ts-node
🔍 Basic Environment Validation: DEVELOPMENT

📋 Basic Configuration:
   - NODE_ENV: development
   - Database: Configured
   - Auth: Configured
   - Redis: Not configured
   - Google OAuth: Configured
   - GitHub OAuth: Configured
   - AI (OpenAI): Not configured
   - AI (Anthropic): Configured
   - Media (Cloudinary): Configured

✅ Environment validation passed!


> taxomind@1.0.0 build
> NODE_OPTIONS='--max-old-space-size=8192' node scripts/load-env.js && NODE_OPTIONS='--max-old-space-size=8192' next build

🔧 Loading environment for: development
✅ Found: .env.local
✅ Found: .env.development
✅ Found: .env
📊 Environment Summary:
   NODE_ENV: development
   Database: Local (Local Docker)
   App URL: http://localhost:3000
   Redis: Disabled
   Files loaded: .env.local, .env.development, .env
   ▲ Next.js 16.0.1 (Turbopack)
   - Environments: .env.local, .env.production, .env
   - Experiments (use with caution):
     · optimizePackageImports
     · serverActions
     ✓ webpackBuildWorker

   Creating an optimized production build ...
 ✓ Compiled successfully in 16.3s
   Running TypeScript ...
   Collecting page data ...
prisma:query SELECT 1 as test
prisma:query 
        SELECT current_database() as database
      
   Generating static pages (0/432) ...
   Generating static pages (108/432) 
   Generating static pages (216/432) 
   Generating static pages (324/432) 
 ✓ Generating static pages (432/432) in 681.2ms
   Finalizing page optimization ...

Route (app)
┌ ƒ /
├ ƒ /_not-found
├ ƒ /about
├ ƒ /admin
├ ƒ /admin/auth/login
├ ƒ /admin/compliance
├ ƒ /admin/dashboard
├ ƒ /admin/mfa-setup
├ ƒ /admin/mfa-warning
├ ƒ /admin/users
├ ƒ /ai-features
├ ƒ /ai-news
├ ƒ /ai-research
├ ƒ /ai-tools
├ ƒ /ai-trends
├ ƒ /ai-tutor
├ ƒ /analytics
├ ƒ /analytics/admin
├ ƒ /analytics/teacher
├ ƒ /analytics/user
├ ƒ /api-test
├ ƒ /api/activities
├ ƒ /api/activities/[id]
├ ƒ /api/activities/user/[userId]
├ ƒ /api/adaptive-assessment/analyze
├ ƒ /api/adaptive-assessment/recommend-questions
├ ƒ /api/adaptive-content
├ ƒ /api/admin
├ ƒ /api/admin-auth/[...nextauth]
├ ƒ /api/admin/audit-dashboard
├ ƒ /api/admin/cache/metrics
├ ƒ /api/admin/create
├ ƒ /api/admin/dashboard
├ ƒ /api/admin/database/indexes
├ ƒ /api/admin/database/performance
├ ƒ /api/admin/email-queue
├ ƒ /api/admin/mfa-status
├ ƒ /api/admin/security-alerts
├ ƒ /api/admin/users
├ ƒ /api/admin/users/[userId]
├ ƒ /api/ai/advanced-exam-generator
├ ƒ /api/ai/blueprint-refinement
├ ƒ /api/ai/bulk-chapters
├ ƒ /api/ai/chapter-content
├ ƒ /api/ai/chapter-generator
├ ƒ /api/ai/chapter-sections
├ ƒ /api/ai/content-curator
├ ƒ /api/ai/content-optimizer
├ ƒ /api/ai/course-content
├ ƒ /api/ai/course-planner
├ ƒ /api/ai/exam-generator
├ ƒ /api/ai/exercise-generator
├ ƒ /api/ai/lesson-generator
├ ƒ /api/ai/section-content
├ ƒ /api/analytics
├ ƒ /api/analytics/at-risk-students
├ ƒ /api/analytics/batch
├ ƒ /api/analytics/dashboard
├ ƒ /api/analytics/enhanced
├ ƒ /api/analytics/enterprise
├ ƒ /api/analytics/events
├ ƒ /api/analytics/learning
├ ƒ /api/analytics/learning-velocity
├ ƒ /api/analytics/page-load
├ ƒ /api/analytics/predict-completion
├ ƒ /api/analytics/real-time
├ ƒ /api/analytics/real-time/activities
├ ƒ /api/analytics/real-time/alerts
├ ƒ /api/analytics/real-time/alerts/[alertId]/resolve
├ ƒ /api/analytics/real-time/metrics
├ ƒ /api/analytics/realtime
├ ƒ /api/analytics/recommendations
├ ƒ /api/analytics/sessions/active
├ ƒ /api/analytics/struggle-detection
├ ƒ /api/analytics/student
├ ƒ /api/analytics/study-schedule
├ ƒ /api/analytics/track
├ ƒ /api/analytics/video-analytics
├ ƒ /api/analytics/web-vitals
├ ƒ /api/analytics/websocket
├ ƒ /api/auth-dynamic-test
├ ƒ /api/auth-test
├ ƒ /api/auth/[...nextauth]
├ ƒ /api/auth/[platform]/callback
├ ƒ /api/auth/[platform]/connect
├ ƒ /api/auth/2fa
├ ƒ /api/auth/capabilities
├ ƒ /api/auth/context
├ ƒ /api/auth/facebook/callback
├ ƒ /api/auth/facebook/connect
├ ƒ /api/auth/fingerprint
├ ƒ /api/auth/mfa/recovery-codes
├ ƒ /api/auth/mfa/totp/disable
├ ƒ /api/auth/mfa/totp/setup
├ ƒ /api/auth/mfa/totp/verify
├ ƒ /api/auth/sso/oidc
├ ƒ /api/auth/sso/saml
├ ƒ /api/auth/trust-device
├ ƒ /api/auth/trusted-devices
├ ƒ /api/auth/trusted-devices/[deviceId]
├ ƒ /api/badges/check
├ ƒ /api/badges/user
├ ƒ /api/become-instructor
├ ƒ /api/bills
├ ƒ /api/bills/[billId]
├ ƒ /api/bills/[billId]/payment
├ ƒ /api/blog/statistics
├ ƒ /api/calendar
├ ƒ /api/calendar/accounts
├ ƒ /api/calendar/events
├ ƒ /api/calendar/events/[id]
├ ƒ /api/calendar/search
├ ƒ /api/calendar/settings
├ ƒ /api/calendar/sync
├ ƒ /api/categories
├ ƒ /api/certificates/generate
├ ƒ /api/certificates/user
├ ƒ /api/certificates/verify
├ ƒ /api/cognitive-load
├ ƒ /api/collaboration/breakout-room
├ ƒ /api/collaboration/message
├ ƒ /api/collaboration/session
├ ƒ /api/collaborative/initialize
├ ƒ /api/comment-delete
├ ƒ /api/comment-reaction
├ ƒ /api/compliance/gdpr
├ ƒ /api/compliance/soc2/report
├ ƒ /api/content-governance/analytics
├ ƒ /api/content-governance/approvals
├ ƒ /api/content-governance/approvals/[approvalId]
├ ƒ /api/content-governance/bulk-operations
├ ƒ /api/content-governance/dashboard
├ ƒ /api/content-governance/workflows
├ ƒ /api/content/rollback
├ ƒ /api/content/versions
├ ƒ /api/content/versions/[versionId]
├ ƒ /api/content/versions/[versionId]/content
├ ƒ /api/course-depth-analysis
├ ƒ /api/course-update
├ ƒ /api/courses
├ ƒ /api/courses/[courseId]
├ ƒ /api/courses/[courseId]/analytics
├ ƒ /api/courses/[courseId]/analytics/report
├ ƒ /api/courses/[courseId]/attachments
├ ƒ /api/courses/[courseId]/attachments/[attachmentId]
├ ƒ /api/courses/[courseId]/certificate
├ ƒ /api/courses/[courseId]/chapters
├ ƒ /api/courses/[courseId]/chapters/[chapterId]
├ ƒ /api/courses/[courseId]/chapters/[chapterId]/publish
├ ƒ /api/courses/[courseId]/chapters/[chapterId]/section
├ ƒ /api/courses/[courseId]/chapters/[chapterId]/section/[sectionId]
├ ƒ /api/courses/[courseId]/chapters/[chapterId]/section/[sectionId]/blog
├ ƒ /api/courses/[courseId]/chapters/[chapterId]/section/[sectionId]/publish
├ ƒ /api/courses/[courseId]/chapters/[chapterId]/section/[sectionId]/unpublish
├ ƒ /api/courses/[courseId]/chapters/[chapterId]/section/[sectionId]/video
├ ƒ /api/courses/[courseId]/chapters/[chapterId]/sections
├ ƒ /api/courses/[courseId]/chapters/[chapterId]/sections/[sectionId]
├ ƒ /api/courses/[courseId]/chapters/[chapterId]/sections/[sectionId]/blogs
├ ƒ /api/courses/[courseId]/chapters/[chapterId]/sections/[sectionId]/code-blocks
├ ƒ /api/courses/[courseId]/chapters/[chapterId]/sections/[sectionId]/code-blocks/[blockId]
├ ƒ /api/courses/[courseId]/chapters/[chapterId]/sections/[sectionId]/code-blocks/[blockId]/explanation
├ ƒ /api/courses/[courseId]/chapters/[chapterId]/sections/[sectionId]/code-explanations
├ ƒ /api/courses/[courseId]/chapters/[chapterId]/sections/[sectionId]/code-explanations/[explanationId]
├ ƒ /api/courses/[courseId]/chapters/[chapterId]/sections/[sectionId]/exams
├ ƒ /api/courses/[courseId]/chapters/[chapterId]/sections/[sectionId]/exams/[examId]
├ ƒ /api/courses/[courseId]/chapters/[chapterId]/sections/[sectionId]/exams/[examId]/publish
├ ƒ /api/courses/[courseId]/chapters/[chapterId]/sections/[sectionId]/exams/[examId]/unpublish
├ ƒ /api/courses/[courseId]/chapters/[chapterId]/sections/[sectionId]/explanations
├ ƒ /api/courses/[courseId]/chapters/[chapterId]/sections/[sectionId]/explanations/[explanationId]
├ ƒ /api/courses/[courseId]/chapters/[chapterId]/sections/[sectionId]/math-equations
├ ƒ /api/courses/[courseId]/chapters/[chapterId]/sections/[sectionId]/math-equations/[mathId]
├ ƒ /api/courses/[courseId]/chapters/[chapterId]/sections/[sectionId]/math-equations/image
├ ƒ /api/courses/[courseId]/chapters/[chapterId]/sections/[sectionId]/publish
├ ƒ /api/courses/[courseId]/chapters/[chapterId]/sections/[sectionId]/unpublish
├ ƒ /api/courses/[courseId]/chapters/[chapterId]/sections/[sectionId]/videos
├ ƒ /api/courses/[courseId]/chapters/[chapterId]/sections/reorder
├ ƒ /api/courses/[courseId]/chapters/[chapterId]/unpublish
├ ƒ /api/courses/[courseId]/chapters/pending
├ ƒ /api/courses/[courseId]/chapters/progress
├ ƒ /api/courses/[courseId]/chapters/reorder
├ ƒ /api/courses/[courseId]/checkout
├ ƒ /api/courses/[courseId]/cognitive-assessment
├ ƒ /api/courses/[courseId]/enroll
├ ƒ /api/courses/[courseId]/image
├ ƒ /api/courses/[courseId]/predictions
├ ƒ /api/courses/[courseId]/progress
├ ƒ /api/courses/[courseId]/publish
├ ƒ /api/courses/[courseId]/questions
├ ƒ /api/courses/[courseId]/questions/[questionId]
├ ƒ /api/courses/[courseId]/questions/[questionId]/answers
├ ƒ /api/courses/[courseId]/questions/[questionId]/answers/[answerId]
├ ƒ /api/courses/[courseId]/questions/[questionId]/answers/[answerId]/vote
├ ƒ /api/courses/[courseId]/questions/[questionId]/report
├ ƒ /api/courses/[courseId]/questions/[questionId]/subscribe
├ ƒ /api/courses/[courseId]/questions/[questionId]/vote
├ ƒ /api/courses/[courseId]/questions/reports
├ ƒ /api/courses/[courseId]/questions/reports/[reportId]
├ ƒ /api/courses/[courseId]/questions/sse
├ ƒ /api/courses/[courseId]/resources
├ ƒ /api/courses/[courseId]/reviews
├ ƒ /api/courses/[courseId]/reviews/[reviewId]/helpful
├ ƒ /api/courses/[courseId]/similar
├ ƒ /api/courses/[courseId]/syllabus
├ ƒ /api/courses/[courseId]/unpublish
├ ƒ /api/courses/[courseId]/what-you-will-learn
├ ƒ /api/courses/[courseId]/what-you-will-learn/[objectiveId]
├ ƒ /api/courses/[courseId]/what-you-will-learn/reorder
├ ƒ /api/courses/generate-blueprint
├ ƒ /api/courses/generate-blueprint-stream
├ ƒ /api/courses/generate-chapter-content
├ ƒ /api/courses/public
├ ƒ /api/courses/search
├ ƒ /api/courses/sections/[sectionId]
├ ƒ /api/courses/sections/[sectionId]/exams
├ ƒ /api/courses/sections/[sectionId]/exams/[examId]/analytics
├ ƒ /api/courses/sections/[sectionId]/exams/[examId]/attempts
├ ƒ /api/courses/sections/[sectionId]/exams/[examId]/attempts/[attemptId]/submit
├ ƒ /api/courses/statistics
├ ƒ /api/courses/videos/[videoId]
├ ƒ /api/create-nested-reply
├ ƒ /api/creator-analytics/dashboard
├ ƒ /api/cron/task-reminders
├ ƒ /api/custom-tabs
├ ƒ /api/dashboard/user/activity
├ ƒ /api/dashboard/user/analytics
├ ƒ /api/dashboard/user/performance
├ ƒ /api/dashboard/user/pulse
├ ƒ /api/db-check
├ ƒ /api/debug-cookies
├ ƒ /api/debug-course-simple
├ ƒ /api/debug-course-update
├ ƒ /api/debug-course/[courseId]
├ ƒ /api/debug-dynamic-routes
├ ƒ /api/debug-posts
├ ƒ /api/debug/auth-handlers
├ ƒ /api/debug/auth-test
├ ƒ /api/debug/calendar
├ ƒ /api/debug/calendar-status
├ ƒ /api/debug/check-auth-env
├ ƒ /api/debug/cookie-security
├ ƒ /api/debug/deployment
├ ƒ /api/debug/domain-check
├ ƒ /api/debug/enrollment/[courseId]
├ ƒ /api/debug/facebook
├ ƒ /api/debug/nextauth-routes
├ ƒ /api/debug/oauth-config
├ ƒ /api/debug/registration
├ ƒ /api/debug/test-auth-route
├ ƒ /api/debug/test-register
├ ƒ /api/debug/user
├ ƒ /api/delete-nested-reply
├ ƒ /api/deployment-test
├ ƒ /api/discussions/[discussionId]/vote
├ ƒ /api/docs
├ ƒ /api/email-status
├ ƒ /api/emotion-detection
├ ƒ /api/enterprise/analytics
├ ƒ /api/enterprise/audit
├ ƒ /api/enterprise/compliance
├ ƒ /api/enterprise/organizations
├ ƒ /api/enterprise/organizations/[id]
├ ƒ /api/enterprise/security
├ ƒ /api/env-check
├ ƒ /api/error-management/alerts
├ ƒ /api/error-management/alerts/[alertId]/acknowledge
├ ƒ /api/error-management/errors
├ ƒ /api/error-management/metrics
├ ƒ /api/error-monitoring
├ ƒ /api/example/protected
├ ƒ /api/example/public
├ ƒ /api/external-integrations
├ ƒ /api/fetch-article-metadata
├ ƒ /api/fetch-audio-metadata
├ ƒ /api/fetch-blog-metadata
├ ƒ /api/fetch-video-metadata
├ ƒ /api/groups
├ ƒ /api/groups/[groupId]/discussions
├ ƒ /api/groups/[groupId]/discussions/[discussionId]/comments
├ ƒ /api/groups/[groupId]/discussions/[discussionId]/likes
├ ƒ /api/groups/[groupId]/events
├ ƒ /api/groups/[groupId]/events/[eventId]/attend
├ ƒ /api/groups/[groupId]/notifications
├ ƒ /api/groups/[groupId]/resources
├ ƒ /api/health
├ ƒ /api/health/cache
├ ƒ /api/health/db
├ ƒ /api/health/env
├ ƒ /api/health/migrations
├ ƒ /api/health/performance
├ ƒ /api/ideas
├ ƒ /api/ideas/[ideaId]
├ ƒ /api/ideas/[ideaId]/like
├ ƒ /api/job-market-mapping
├ ƒ /api/knowledge-graph
├ ƒ /api/learning-analytics/personal
├ ƒ /api/learning-paths/[pathId]/enroll
├ ƒ /api/learning-paths/enrollments
├ ƒ /api/learning-paths/enrollments/[enrollmentId]/status
├ ƒ /api/messages
├ ƒ /api/microlearning
├ ƒ /api/minds
├ ƒ /api/minds/[mindId]
├ ƒ /api/minimal-test
├ ƒ /api/ml/predictions
├ ƒ /api/ml/training
├ ƒ /api/monitor
├ ƒ /api/monitoring/alerts
├ ƒ /api/monitoring/dashboards
├ ƒ /api/monitoring/health
├ ƒ /api/monitoring/incidents
├ ƒ /api/monitoring/metrics
├ ƒ /api/monitoring/redirect-stats
├ ƒ /api/nested-replies
├ ƒ /api/nested-reply
├ ƒ /api/nested-reply-reaction
├ ƒ /api/notifications
├ ƒ /api/platforms/[platform]/sync
├ ƒ /api/posts
├ ƒ /api/posts/[postId]
├ ƒ /api/posts/[postId]/comments
├ ƒ /api/posts/[postId]/comments/[commentId]
├ ƒ /api/posts/[postId]/comments/[commentId]/react
├ ƒ /api/posts/[postId]/comments/[commentId]/reactions
├ ƒ /api/posts/[postId]/comments/[commentId]/replies
├ ƒ /api/posts/[postId]/comments/[commentId]/replies/[replyId]
├ ƒ /api/posts/[postId]/comments/[commentId]/replies/[replyId]/reactions
├ ƒ /api/posts/[postId]/postchapters
├ ƒ /api/posts/[postId]/postchapters/[postchapterId]
├ ƒ /api/posts/[postId]/postchapters/[postchapterId]/publish
├ ƒ /api/posts/[postId]/postchapters/[postchapterId]/unpublish
├ ƒ /api/posts/[postId]/postchapters/reorder
├ ƒ /api/posts/[postId]/publish
├ ƒ /api/posts/[postId]/reactions
├ ƒ /api/posts/[postId]/replies/[replyId]/reactions
├ ƒ /api/posts/[postId]/unpublish
├ ƒ /api/posts/[postId]/views
├ ƒ /api/posts/public
├ ƒ /api/posts/similar
├ ƒ /api/prerequisite-tracking
├ ƒ /api/production-test
├ ƒ /api/profile
├ ƒ /api/profile/image
├ ƒ /api/profile/links
├ ƒ /api/progress/alerts
├ ƒ /api/progress/alerts/[alertId]/resolve
├ ƒ /api/progress/metrics
├ ƒ /api/progress/sessions
├ ƒ /api/progress/sessions/[sessionId]
├ ƒ /api/public/posts
├ ƒ /api/public/posts/filters
├ ƒ /api/queue/init
├ ƒ /api/reactions
├ ƒ /api/register
├ ƒ /api/sam/ai-news
├ ƒ /api/sam/ai-research
├ ƒ /api/sam/ai-trends
├ ƒ /api/sam/ai-tutor/achievements
├ ƒ /api/sam/ai-tutor/adaptive-content
├ ƒ /api/sam/ai-tutor/assessment-engine
├ ƒ /api/sam/ai-tutor/challenges
├ ƒ /api/sam/ai-tutor/chat
├ ƒ /api/sam/ai-tutor/content-analysis
├ ƒ /api/sam/ai-tutor/content-companion
├ ƒ /api/sam/ai-tutor/create-rubric
├ ƒ /api/sam/ai-tutor/detect-emotion
├ ƒ /api/sam/ai-tutor/detect-learning-style
├ ƒ /api/sam/ai-tutor/leaderboard
├ ƒ /api/sam/ai-tutor/lesson-planner
├ ƒ /api/sam/ai-tutor/motivation-engine
├ ƒ /api/sam/ai-tutor/practice-problems
├ ƒ /api/sam/ai-tutor/socratic
├ ƒ /api/sam/ai-tutor/student-insights
├ ƒ /api/sam/ai-tutor/teacher-insights
├ ƒ /api/sam/ai-tutor/track
├ ƒ /api/sam/ai-tutor/visual-processor
├ ƒ /api/sam/analytics/comprehensive
├ ƒ /api/sam/badges
├ ƒ /api/sam/blooms-analysis
├ ƒ /api/sam/blooms-analysis/student
├ ƒ /api/sam/blooms-recommendations
├ ƒ /api/sam/chat
├ ƒ /api/sam/chat-enhanced
├ ƒ /api/sam/collaboration-analytics
├ ƒ /api/sam/content-generation
├ ƒ /api/sam/context-aware-assistant
├ ƒ /api/sam/conversation
├ ƒ /api/sam/conversations/[conversationId]
├ ƒ /api/sam/conversations/[conversationId]/messages
├ ƒ /api/sam/conversations/summaries
├ ƒ /api/sam/course-assistant
├ ƒ /api/sam/course-assistant-enhanced
├ ƒ /api/sam/course-guide
├ ƒ /api/sam/course-guide/insights
├ ƒ /api/sam/course-guide/recommendations
├ ƒ /api/sam/course-market-analysis
├ ƒ /api/sam/course-market-analysis/competitors
├ ƒ /api/sam/enhanced-universal-assistant
├ ƒ /api/sam/enterprise-intelligence
├ ƒ /api/sam/exam-engine
├ ƒ /api/sam/exam-engine/adaptive
├ ƒ /api/sam/exam-engine/question-bank
├ ƒ /api/sam/exam-engine/study-guide
├ ƒ /api/sam/financial-intelligence
├ ƒ /api/sam/form-synchronization
├ ƒ /api/sam/gamification/achievements
├ ƒ /api/sam/gamification/challenges
├ ƒ /api/sam/gamification/challenges/start
├ ƒ /api/sam/gamification/stats
├ ƒ /api/sam/generate-course-structure-complete
├ ƒ /api/sam/innovation-features
├ ƒ /api/sam/integrated-analysis
├ ƒ /api/sam/intelligent-assistant
├ ƒ /api/sam/interactions
├ ƒ /api/sam/learning-objectives
├ ƒ /api/sam/learning-profile
├ ƒ /api/sam/multimedia-analysis
├ ƒ /api/sam/overview-suggestions
├ ƒ /api/sam/personalization
├ ƒ /api/sam/points
├ ƒ /api/sam/predictive-learning
├ ƒ /api/sam/resource-intelligence
├ ƒ /api/sam/stats
├ ƒ /api/sam/streaks
├ ƒ /api/sam/suggestions
├ ƒ /api/sam/title-suggestions
├ ƒ /api/sam/track-achievement
├ ƒ /api/sam/unified-assistant
├ ƒ /api/sam/validate
├ ƒ /api/search
├ ƒ /api/search/mock
├ ƒ /api/sections/[sectionId]/bookmarks
├ ƒ /api/sections/[sectionId]/complete
├ ƒ /api/sections/[sectionId]/complete-item
├ ƒ /api/sections/[sectionId]/discussions
├ ƒ /api/sections/[sectionId]/progress
├ ƒ /api/sections/analyze-content
├ ƒ /api/sections/generate-content
├ ƒ /api/security/alerts
├ ƒ /api/security/alerts/[alertId]
├ ƒ /api/security/csp-report
├ ƒ /api/sentry-test
├ ƒ /api/settings/delete-account
├ ƒ /api/settings/export-data
├ ƒ /api/settings/preferences
├ ƒ /api/settings/sessions
├ ƒ /api/settings/sessions/[sessionId]
├ ƒ /api/settings/upload-avatar
├ ƒ /api/simple-reply
├ ƒ /api/simple-test
├ ƒ /api/social/accounts/check
├ ƒ /api/social/facebook/metrics
├ ƒ /api/social/metrics
├ ƒ /api/social/profile-metadata
├ ƒ /api/spaced-repetition
├ ƒ /api/subscription
├ ƒ /api/support/tickets
├ ƒ /api/system/health
├ ƒ /api/tasks
├ ƒ /api/teacher-analytics/course-overview
├ ƒ /api/teacher-analytics/student-profile
├ ƒ /api/teacher/courses
├ ƒ /api/teacher/courses/bulk-delete
├ ƒ /api/teacher/courses/bulk-update
├ ƒ /api/templates
├ ƒ /api/templates/[templateId]
├ ƒ /api/templates/[templateId]/apply
├ ƒ /api/templates/analytics
├ ƒ /api/templates/categories
├ ƒ /api/templates/export
├ ƒ /api/templates/import
├ ƒ /api/test
├ ƒ /api/test-anthropic
├ ƒ /api/test-api-functionality
├ ƒ /api/test-auth
├ ƒ /api/test-auth-system
├ ƒ /api/test-course-delete/[courseId]
├ ƒ /api/test-course-route
├ ƒ /api/test-course-route/[courseId]
├ ƒ /api/test-course-update
├ ƒ /api/test-db-write
├ ƒ /api/test-deepseek-key
├ ƒ /api/test-delete-route
├ ƒ /api/test-dynamic-routes
├ ƒ /api/test-smtp
├ ƒ /api/test/auth
├ ƒ /api/test/comprehensive
├ ƒ /api/test/database
├ ƒ /api/test/health
├ ƒ /api/test/performance
├ ƒ /api/test/rate-limit
├ ƒ /api/test/validation
├ ƒ /api/update-nested-reply
├ ƒ /api/upload
├ ƒ /api/user/activities
├ ƒ /api/user/become-affiliate
├ ƒ /api/user/become-teacher
├ ƒ /api/user/data-export
├ ƒ /api/user/delete-account
├ ƒ /api/user/profile
├ ƒ /api/users/[userId]
├ ƒ /api/users/[userId]/image
├ ƒ /api/users/upload
├ ƒ /api/webhook
├ ƒ /articles/[articleId]
├ ƒ /auth/check-email
├ ƒ /auth/error
├ ƒ /auth/login
├ ƒ /auth/new-password
├ ƒ /auth/new-verification
├ ƒ /auth/register
├ ƒ /auth/register-teacher
├ ƒ /auth/resend-verification
├ ƒ /auth/reset
├ ƒ /basic-test
├ ƒ /become-instructor
├ ƒ /blog
├ ƒ /blog/[postId]
├ ƒ /calendar
├ ƒ /calendar-demo
├ ƒ /calendar/debug
├ ƒ /client
├ ƒ /community
├ ƒ /content-governance/dashboard
├ ƒ /courses
├ ƒ /courses/[courseId]
├ ƒ /courses/[courseId]/chapters/sections/[sectionId]
├ ƒ /courses/[courseId]/checkout
├ ƒ /courses/[courseId]/learn
├ ƒ /courses/[courseId]/learn/[chapterId]
├ ƒ /courses/[courseId]/learn/[chapterId]/sections/[sectionId]
├ ƒ /courses/[courseId]/learn/[chapterId]/sections/[sectionId]/exams/[examId]/results/[attemptId]
├ ƒ /courses/[courseId]/learn/[chapterId]/sections/[sectionId]/exams/[examId]/take/[attemptId]
├ ƒ /courses/[courseId]/questions/[questionId]
├ ƒ /courses/[courseId]/success
├ ƒ /courses/explore
├ ƒ /courses/new
├ ƒ /css-debug
├ ƒ /dashboard
├ ƒ /dashboard/admin
├ ƒ /dashboard/admin/analytics
├ ƒ /dashboard/admin/courses
├ ƒ /dashboard/admin/profile
├ ƒ /dashboard/admin/reports
├ ƒ /dashboard/admin/settings
├ ƒ /dashboard/admin/users
├ ƒ /dashboard/user
├ ƒ /dashboard/user/favoritearticles
├ ƒ /dashboard/user/favoriteaudios
├ ƒ /dashboard/user/favoriteblogs
├ ƒ /dashboard/user/favoritevideos
├ ƒ /discover
├ ƒ /docs
├ ƒ /features
├ ƒ /file
├ ƒ /get-started
├ ƒ /groups
├ ƒ /groups/[groupId]
├ ƒ /groups/[groupId]/settings
├ ƒ /groups/create
├ ƒ /groups/my-groups
├ ƒ /hero-one
├ ƒ /hero-three
├ ƒ /hero-two
├ ƒ /intelligent-lms/adaptive-learning
├ ƒ /intelligent-lms/course-intelligence
├ ƒ /intelligent-lms/evaluation-standards
├ ƒ /intelligent-lms/global-evaluation
├ ƒ /intelligent-lms/overview
├ ƒ /intelligent-lms/sam-ai-assistant
├ ƒ /job-market-mapping
├ ƒ /learn/analytics
├ ƒ /learn/paths
├ ƒ /messages
├ ƒ /minimal-css
├ ƒ /minimal-test
├ ƒ /my-courses
├ ƒ /my-courses/analytics
├ ƒ /my-posts
├ ƒ /mylife
├ ƒ /new-hero
├ ƒ /profile
├ ƒ /pure-css-test
├ ƒ /resources
├ ƒ /search
├ ƒ /searchbar
├ ƒ /sentry-test
├ ƒ /server
├ ƒ /settings
├ ƒ /simple-css-test
├ ƒ /simple-page
├ ƒ /simple-test
├ ƒ /solutions
├ ƒ /student/groups
├ ƒ /support
├ ƒ /teacher/allposts
├ ƒ /teacher/analytics
├ ƒ /teacher/courses
├ ƒ /teacher/courses/[courseId]
├ ƒ /teacher/courses/[courseId]/analytics
├ ƒ /teacher/courses/[courseId]/chapters/[chapterId]
├ ƒ /teacher/courses/[courseId]/chapters/[chapterId]/section/[sectionId]
├ ƒ /teacher/courses/[courseId]/chapters/[chapterId]/section/[sectionId]/code-explanations/create
├ ƒ /teacher/courses/[courseId]/chapters/[chapterId]/section/[sectionId]/math-equations/[mathId]
├ ƒ /teacher/courses/[courseId]/sam-analysis
├ ƒ /teacher/create
├ ƒ /teacher/create/ai-creator
├ ƒ /teacher/create/enhanced
├ ƒ /teacher/createblog
├ ƒ /teacher/posts/[postId]
├ ƒ /teacher/posts/[postId]/postchapters/[postchapterId]
├ ƒ /teacher/posts/all-posts
├ ƒ /teacher/posts/create-post
├ ƒ /test-auth-roles
├ ƒ /test-css
├ ƒ /test-dynamic/[testId]
├ ƒ /test-enhanced-auth
├ ƒ /test-logout
├ ƒ /test-search-api
└ ƒ /unauthorized


ƒ  (Dynamic)  server-rendered on demand

